#-----------------------------------------------------------
# Vivado v2025.1 (64-bit)
# SW Build 6140274 on Thu May 22 00:12:29 MDT 2025
# IP Build 6138677 on Thu May 22 03:10:11 MDT 2025
# SharedData Build 6139179 on Tue May 20 17:58:58 MDT 2025
# Start of session at: Sun Dec  7 09:33:08 2025
# Process ID         : 15520
# Current directory  : C:/Users/abdud/Desktop/HWSWCodesign/HardwareSoftwareCodesign/IP_Cores/managed_ip_project
# Command line       : vivado.exe -gui_launcher_event rodinguilauncherevent41680 C:\Users\abdud\Desktop\HWSWCodesign\HardwareSoftwareCodesign\IP_Cores\managed_ip_project\managed_ip_project.xpr
# Log file           : C:/Users/abdud/Desktop/HWSWCodesign/HardwareSoftwareCodesign/IP_Cores/managed_ip_project/vivado.log
# Journal file       : C:/Users/abdud/Desktop/HWSWCodesign/HardwareSoftwareCodesign/IP_Cores/managed_ip_project\vivado.jou
# Running On         : Abdu_Acer
# Platform           : Windows Server 2016 or Windows 10
# Operating System   : 26100
# Processor Detail   : Intel(R) Core(TM) Ultra 7 155U
# CPU Frequency      : 2688 MHz
# CPU Physical cores : 12
# CPU Logical cores  : 14
# Host memory        : 16866 MB
# Swap memory        : 9793 MB
# Total Virtual      : 26660 MB
# Available Virtual  : 1398 MB
#-----------------------------------------------------------
start_gui
open_project C:/Users/abdud/Desktop/HWSWCodesign/HardwareSoftwareCodesign/IP_Cores/managed_ip_project/managed_ip_project.xpr
ipx::edit_ip_in_project -upgrade true -name temp_control_v1_0_project -directory C:/Users/abdud/Desktop/HWSWCodesign/HardwareSoftwareCodesign/IP_Cores/managed_ip_project/managed_ip_project.tmp/temp_control_v1_0_project c:/Users/abdud/Desktop/HWSWCodesign/HardwareSoftwareCodesign/IP_Cores/ip_repo/temp_control_1_0/component.xml
update_compile_order -fileset sources_1
close_project
