#-----------------------------------------------------------
# Vivado v2025.1 (64-bit)
# SW Build 6140274 on Thu May 22 00:12:29 MDT 2025
# IP Build 6138677 on Thu May 22 03:10:11 MDT 2025
# SharedData Build 6139179 on Tue May 20 17:58:58 MDT 2025
# Start of session at: Tue Dec  2 16:47:41 2025
# Process ID         : 10236
# Current directory  : C:/Projects/SWHW/HardwareSoftwareCodesign/IP_Cores/managed_ip_project
# Command line       : vivado.exe -gui_launcher_event rodinguilauncherevent28320 C:\Projects\SWHW\HardwareSoftwareCodesign\IP_Cores\managed_ip_project\managed_ip_project.xpr
# Log file           : C:/Projects/SWHW/HardwareSoftwareCodesign/IP_Cores/managed_ip_project/vivado.log
# Journal file       : C:/Projects/SWHW/HardwareSoftwareCodesign/IP_Cores/managed_ip_project\vivado.jou
# Running On         : Sebastians-Thinkpad
# Platform           : Windows Server 2016 or Windows 10
# Operating System   : 26200
# Processor Detail   : 11th Gen Intel(R) Core(TM) i5-1145G7 @ 2.60GHz
# CPU Frequency      : 2611 MHz
# CPU Physical cores : 4
# CPU Logical cores  : 8
# Host memory        : 16872 MB
# Swap memory        : 3489 MB
# Total Virtual      : 20362 MB
# Available Virtual  : 8018 MB
#-----------------------------------------------------------
start_gui
open_project C:/Projects/SWHW/HardwareSoftwareCodesign/IP_Cores/managed_ip_project/managed_ip_project.xpr
set_property  ip_repo_paths  c:/Projects/SWHW/HardwareSoftwareCodesign/IP_Cores/ip_repo [current_project]
update_ip_catalog
ipx::edit_ip_in_project -upgrade true -name instruments_v1_0_project -directory C:/Projects/SWHW/HardwareSoftwareCodesign/IP_Cores/managed_ip_project/managed_ip_project.tmp/instruments_v1_0_project c:/Projects/SWHW/HardwareSoftwareCodesign/IP_Cores/ip_repo/instruments_1_0/component.xml
update_compile_order -fileset sources_1
close_project
