#-----------------------------------------------------------
# Vivado v2025.1 (64-bit)
# SW Build 6140274 on Thu May 22 00:12:29 MDT 2025
# IP Build 6138677 on Thu May 22 03:10:11 MDT 2025
# SharedData Build 6139179 on Tue May 20 17:58:58 MDT 2025
# Start of session at: Sun Dec  7 10:12:51 2025
# Process ID         : 45352
# Current directory  : C:/Users/abdud/Desktop/HWSWCodesign/HardwareSoftwareCodesign/Vivado_Project/SoC_Project/SoC_Project.runs/soc_design_temp_control_0_0_synth_1
# Command line       : vivado.exe -log soc_design_temp_control_0_0.vds -product Vivado -mode batch -messageDb vivado.pb -notrace -source soc_design_temp_control_0_0.tcl
# Log file           : C:/Users/abdud/Desktop/HWSWCodesign/HardwareSoftwareCodesign/Vivado_Project/SoC_Project/SoC_Project.runs/soc_design_temp_control_0_0_synth_1/soc_design_temp_control_0_0.vds
# Journal file       : C:/Users/abdud/Desktop/HWSWCodesign/HardwareSoftwareCodesign/Vivado_Project/SoC_Project/SoC_Project.runs/soc_design_temp_control_0_0_synth_1\vivado.jou
# Running On         : Abdu_Acer
# Platform           : Windows Server 2016 or Windows 10
# Operating System   : 26100
# Processor Detail   : Intel(R) Core(TM) Ultra 7 155U
# CPU Frequency      : 2688 MHz
# CPU Physical cores : 12
# CPU Logical cores  : 14
# Host memory        : 16866 MB
# Swap memory        : 10875 MB
# Total Virtual      : 27742 MB
# Available Virtual  : 1674 MB
#-----------------------------------------------------------
source soc_design_temp_control_0_0.tcl -notrace
